REQUEST_URI=Array
SCRIPT_NAME=Array
HTTP_HOST=Array
QUERY_STRING=Array
